INITIALPATH:7:22: error: [GHC-39999]
    • No instance for ‘Real Bool’ arising from a use of ‘PyF.Internal.QQ.formatAnyFractional’
    • In the first argument of ‘putStrLn’, namely ‘(PyF.Internal.QQ.formatAnyFractional PyF.Formatters.Fixed PyF.Formatters.Minus (Nothing :: Maybe (Int, PyF.Formatters.AnyAlign, Char)) Nothing (Just 6 :: Maybe Int) True)’
      In the expression: putStrLn (PyF.Internal.QQ.formatAnyFractional PyF.Formatters.Fixed PyF.Formatters.Minus (Nothing :: Maybe (Int, PyF.Formatters.AnyAlign, Char)) Nothing (Just 6 :: Maybe Int) True)
      In an equation for ‘main’: main = putStrLn (PyF.Internal.QQ.formatAnyFractional PyF.Formatters.Fixed PyF.Formatters.Minus (Nothing :: Maybe (Int, PyF.Formatters.AnyAlign, Char)) Nothing (Just 6 :: Maybe Int) True)
  |
7 | main = putStrLn [fmt|{True:f}|]
  |                      ^^^^^^^^^^